2021-04-21 17:11:47,212 - test_create_customer.py:response - INFO - Creating customer with email id: testuser_32f6cvmgis@gmail.com
2021-04-21 17:11:52,719 - test_create_customer.py:response - DEBUG - Response Status: 201
2021-04-21 17:11:52,720 - test_create_customer.py:response - DEBUG - Response Body:
{"id":62,"date_created":"2021-04-21T11:41:50","date_created_gmt":"2021-04-21T11:41:50","date_modified":"2021-04-21T11:41:52","date_modified_gmt":"2021-04-21T11:41:52","email":"testuser_32f6cvmgis@gmail.com","first_name":"","last_name":"","role":"customer","username":"testuser_32f6cvmgis","billing":{"first_name":"","last_name":"","company":"","address_1":"","address_2":"","city":"","postcode":"","country":"","state":"","email":"","phone":""},"shipping":{"first_name":"","last_name":"","company":"","address_1":"","address_2":"","city":"","postcode":"","country":"","state":""},"is_paying_customer":false,"avatar_url":"http:\/\/2.gravatar.com\/avatar\/55444f16ce8ba12267f6295596d3890f?s=96&d=mm&r=g","meta_data":[],"_links":{"self":[{"href":"http:\/\/localhost:8888\/wp-json\/wc\/v3\/customers\/62"}],"collection":[{"href":"http:\/\/localhost:8888\/wp-json\/wc\/v3\/customers"}]}}
2021-04-21 17:11:52,720 - test_create_customer.py:test_api_response - INFO - Success: Creating customer with email id: testuser_32f6cvmgis@gmail.com
2021-04-21 17:11:52,730 - test_create_customer.py:test_cannot_create_customer_with_existing_email - INFO - Creating customer with email id: testuser_uuuuktar09@gmail.com
2021-04-21 17:11:57,446 - test_create_customer.py:test_cannot_create_customer_with_existing_email - DEBUG - Response Status: 201
2021-04-21 17:11:57,446 - test_create_customer.py:test_cannot_create_customer_with_existing_email - DEBUG - Response Body:
{"id":63,"date_created":"2021-04-21T11:41:55","date_created_gmt":"2021-04-21T11:41:55","date_modified":"2021-04-21T11:41:57","date_modified_gmt":"2021-04-21T11:41:57","email":"testuser_uuuuktar09@gmail.com","first_name":"","last_name":"","role":"customer","username":"testuser_uuuuktar09","billing":{"first_name":"","last_name":"","company":"","address_1":"","address_2":"","city":"","postcode":"","country":"","state":"","email":"","phone":""},"shipping":{"first_name":"","last_name":"","company":"","address_1":"","address_2":"","city":"","postcode":"","country":"","state":""},"is_paying_customer":false,"avatar_url":"http:\/\/2.gravatar.com\/avatar\/e6dc4564910b15ee01f5ee835ff1b304?s=96&d=mm&r=g","meta_data":[],"_links":{"self":[{"href":"http:\/\/localhost:8888\/wp-json\/wc\/v3\/customers\/63"}],"collection":[{"href":"http:\/\/localhost:8888\/wp-json\/wc\/v3\/customers"}]}}
2021-04-21 17:11:57,446 - test_create_customer.py:test_cannot_create_customer_with_existing_email - INFO - Creating customer again with the same email id: testuser_uuuuktar09@gmail.com
2021-04-21 17:12:00,046 - test_create_customer.py:test_cannot_create_customer_with_existing_email - DEBUG - Response Status: 400
2021-04-21 17:12:00,047 - test_create_customer.py:test_cannot_create_customer_with_existing_email - DEBUG - Response Body:
{"code":"registration-error-email-exists","message":"An account is already registered with your email address. <a href=\"#\" class=\"showlogin\">Please log in.<\/a>","data":{"status":400}}
2021-04-21 17:12:02,776 - test_get_customer.py:test_match_id_email_in_db_and_api - DEBUG - Testing with user id:31
2021-04-21 17:12:08,251 - test_get_product.py:test_smoke_get_all_products_from_api - INFO - Number of Products returned: 18
2021-04-21 17:12:08,258 - test_get_product.py:test_match_id_email_in_db_and_api - DEBUG - Testing with product id:87
2021-04-21 17:12:37,273 - test_get_product.py:test_smoke_get_all_products_from_api - INFO - Number of Products returned: 18
2021-04-21 17:12:37,280 - test_get_product.py:test_match_id_email_in_db_and_api - DEBUG - Testing with product id:84
2021-04-21 17:13:24,866 - test_get_product.py:test_smoke_get_all_products_from_api - INFO - Number of Products returned: 18
2021-04-21 17:13:24,873 - test_get_product.py:test_match_id_email_in_db_and_api - DEBUG - Testing with product id:83
2021-04-21 17:13:42,847 - test_get_product.py:test_smoke_get_all_products_from_api - INFO - Number of Products returned: 18
2021-04-21 17:13:42,855 - test_get_product.py:test_match_id_email_in_db_and_api - DEBUG - Testing with product id:85
2021-04-21 17:14:07,630 - test_get_product.py:test_smoke_get_all_products_from_api - INFO - Number of Products returned: 18
2021-04-21 17:14:07,638 - test_get_product.py:test_match_id_email_in_db_and_api - DEBUG - Testing with product id:87
2021-04-21 17:14:24,813 - test_get_product.py:test_smoke_get_all_products_from_api - INFO - Number of Products returned: 18
2021-04-21 17:14:24,819 - test_get_product.py:test_match_id_email_in_db_and_api - DEBUG - Testing with product id:86
2021-04-21 17:14:49,593 - test_get_product.py:test_smoke_get_all_products_from_api - INFO - Number of Products returned: 18
2021-04-21 17:14:49,599 - test_get_product.py:test_match_id_email_in_db_and_api - DEBUG - Testing with product id:80
2021-04-21 17:15:05,238 - test_get_product.py:test_smoke_get_all_products_from_api - INFO - Number of Products returned: 18
2021-04-21 17:15:05,245 - test_get_product.py:test_match_id_email_in_db_and_api - DEBUG - Testing with product id:85
2021-04-21 17:47:36,630 - test_create_product.py:response - INFO - Creating product with name: Test Product 0ogutd6lk0 and price: 49.99
2021-04-21 17:48:18,341 - test_create_product.py:response - INFO - Creating product with name: Test Product 7mqo757yqd and price: 49.99
2021-04-21 17:48:21,860 - test_create_product.py:response - DEBUG - Response Status: 201
2021-04-21 17:48:21,860 - test_create_product.py:response - DEBUG - Response Body:
{"id":110,"name":"Test Product 7mqo757yqd","slug":"test-product-7mqo757yqd","permalink":"http:\/\/localhost:8888\/product\/test-product-7mqo757yqd\/","date_created":"2021-04-21T12:18:21","date_created_gmt":"2021-04-21T12:18:21","date_modified":"2021-04-21T12:18:21","date_modified_gmt":"2021-04-21T12:18:21","type":"simple","status":"publish","featured":false,"catalog_visibility":"visible","description":"","short_description":"","sku":"","price":"","regular_price":"","sale_price":"","date_on_sale_from":null,"date_on_sale_from_gmt":null,"date_on_sale_to":null,"date_on_sale_to_gmt":null,"on_sale":false,"purchasable":false,"total_sales":0,"virtual":false,"downloadable":false,"downloads":[],"download_limit":-1,"download_expiry":-1,"external_url":"","button_text":"","tax_status":"taxable","tax_class":"","manage_stock":false,"stock_quantity":null,"backorders":"no","backorders_allowed":false,"backordered":false,"low_stock_amount":null,"sold_individually":false,"weight":"","dimensions":{"length":"","width":"","height":""},"shipping_required":true,"shipping_taxable":true,"shipping_class":"","shipping_class_id":0,"reviews_allowed":true,"average_rating":"0","rating_count":0,"upsell_ids":[],"cross_sell_ids":[],"parent_id":0,"purchase_note":"","categories":[{"id":15,"name":"Uncategorized","slug":"uncategorized"}],"tags":[],"images":[],"attributes":[],"default_attributes":[],"variations":[],"grouped_products":[],"menu_order":0,"price_html":"","related_ids":[107],"meta_data":[],"stock_status":"instock","_links":{"self":[{"href":"http:\/\/localhost:8888\/wp-json\/wc\/v3\/products\/110"}],"collection":[{"href":"http:\/\/localhost:8888\/wp-json\/wc\/v3\/products"}]}}
2021-04-21 17:55:14,030 - test_create_product.py:response - INFO - Creating product with name: Test Product gu2yptncx9 and price: 49.99
2021-04-21 17:55:17,593 - test_create_product.py:response - DEBUG - Response Status: 201
2021-04-21 17:55:17,594 - test_create_product.py:response - DEBUG - Response Body:
{"id":111,"name":"Test Product gu2yptncx9","slug":"test-product-gu2yptncx9","permalink":"http:\/\/localhost:8888\/product\/test-product-gu2yptncx9\/","date_created":"2021-04-21T12:25:17","date_created_gmt":"2021-04-21T12:25:17","date_modified":"2021-04-21T12:25:17","date_modified_gmt":"2021-04-21T12:25:17","type":"simple","status":"publish","featured":false,"catalog_visibility":"visible","description":"","short_description":"","sku":"","price":"","regular_price":"","sale_price":"","date_on_sale_from":null,"date_on_sale_from_gmt":null,"date_on_sale_to":null,"date_on_sale_to_gmt":null,"on_sale":false,"purchasable":false,"total_sales":0,"virtual":false,"downloadable":false,"downloads":[],"download_limit":-1,"download_expiry":-1,"external_url":"","button_text":"","tax_status":"taxable","tax_class":"","manage_stock":false,"stock_quantity":null,"backorders":"no","backorders_allowed":false,"backordered":false,"low_stock_amount":null,"sold_individually":false,"weight":"","dimensions":{"length":"","width":"","height":""},"shipping_required":true,"shipping_taxable":true,"shipping_class":"","shipping_class_id":0,"reviews_allowed":true,"average_rating":"0","rating_count":0,"upsell_ids":[],"cross_sell_ids":[],"parent_id":0,"purchase_note":"","categories":[{"id":15,"name":"Uncategorized","slug":"uncategorized"}],"tags":[],"images":[],"attributes":[],"default_attributes":[],"variations":[],"grouped_products":[],"menu_order":0,"price_html":"","related_ids":[110,107],"meta_data":[],"stock_status":"instock","_links":{"self":[{"href":"http:\/\/localhost:8888\/wp-json\/wc\/v3\/products\/111"}],"collection":[{"href":"http:\/\/localhost:8888\/wp-json\/wc\/v3\/products"}]}}
2021-04-21 17:58:50,111 - test_create_product.py:response - INFO - Creating product with name: Test Product qomqv2yuk4 and price: 49.99
2021-04-21 17:58:53,741 - test_create_product.py:response - DEBUG - Response Status: 201
2021-04-21 17:58:53,741 - test_create_product.py:response - DEBUG - Response Body:
{"id":112,"name":"Test Product qomqv2yuk4","slug":"test-product-qomqv2yuk4","permalink":"http:\/\/localhost:8888\/product\/test-product-qomqv2yuk4\/","date_created":"2021-04-21T12:28:53","date_created_gmt":"2021-04-21T12:28:53","date_modified":"2021-04-21T12:28:53","date_modified_gmt":"2021-04-21T12:28:53","type":"simple","status":"publish","featured":false,"catalog_visibility":"visible","description":"","short_description":"","sku":"","price":"49.99","regular_price":"49.99","sale_price":"","date_on_sale_from":null,"date_on_sale_from_gmt":null,"date_on_sale_to":null,"date_on_sale_to_gmt":null,"on_sale":false,"purchasable":true,"total_sales":0,"virtual":false,"downloadable":false,"downloads":[],"download_limit":-1,"download_expiry":-1,"external_url":"","button_text":"","tax_status":"taxable","tax_class":"","manage_stock":false,"stock_quantity":null,"backorders":"no","backorders_allowed":false,"backordered":false,"low_stock_amount":null,"sold_individually":false,"weight":"","dimensions":{"length":"","width":"","height":""},"shipping_required":true,"shipping_taxable":true,"shipping_class":"","shipping_class_id":0,"reviews_allowed":true,"average_rating":"0","rating_count":0,"upsell_ids":[],"cross_sell_ids":[],"parent_id":0,"purchase_note":"","categories":[{"id":15,"name":"Uncategorized","slug":"uncategorized"}],"tags":[],"images":[],"attributes":[],"default_attributes":[],"variations":[],"grouped_products":[],"menu_order":0,"price_html":"<span class=\"woocommerce-Price-amount amount\"><bdi><span class=\"woocommerce-Price-currencySymbol\">&pound;<\/span>50<\/bdi><\/span>","related_ids":[107,111,110],"meta_data":[],"stock_status":"instock","_links":{"self":[{"href":"http:\/\/localhost:8888\/wp-json\/wc\/v3\/products\/112"}],"collection":[{"href":"http:\/\/localhost:8888\/wp-json\/wc\/v3\/products"}]}}
2021-04-21 18:02:04,717 - test_create_product.py:response - INFO - Creating product with name: Test Product lq01cih165 and price: 49.99
2021-04-21 18:02:08,611 - test_create_product.py:response - DEBUG - Response Status: 201
2021-04-21 18:02:08,611 - test_create_product.py:response - DEBUG - Response Body:
{"id":113,"name":"Test Product lq01cih165","slug":"test-product-lq01cih165","permalink":"http:\/\/localhost:8888\/product\/test-product-lq01cih165\/","date_created":"2021-04-21T12:32:08","date_created_gmt":"2021-04-21T12:32:08","date_modified":"2021-04-21T12:32:08","date_modified_gmt":"2021-04-21T12:32:08","type":"simple","status":"publish","featured":false,"catalog_visibility":"visible","description":"","short_description":"","sku":"","price":"49.99","regular_price":"49.99","sale_price":"","date_on_sale_from":null,"date_on_sale_from_gmt":null,"date_on_sale_to":null,"date_on_sale_to_gmt":null,"on_sale":false,"purchasable":true,"total_sales":0,"virtual":false,"downloadable":false,"downloads":[],"download_limit":-1,"download_expiry":-1,"external_url":"","button_text":"","tax_status":"taxable","tax_class":"","manage_stock":false,"stock_quantity":null,"backorders":"no","backorders_allowed":false,"backordered":false,"low_stock_amount":null,"sold_individually":false,"weight":"","dimensions":{"length":"","width":"","height":""},"shipping_required":true,"shipping_taxable":true,"shipping_class":"","shipping_class_id":0,"reviews_allowed":true,"average_rating":"0","rating_count":0,"upsell_ids":[],"cross_sell_ids":[],"parent_id":0,"purchase_note":"","categories":[{"id":15,"name":"Uncategorized","slug":"uncategorized"}],"tags":[],"images":[],"attributes":[],"default_attributes":[],"variations":[],"grouped_products":[],"menu_order":0,"price_html":"<span class=\"woocommerce-Price-amount amount\"><bdi><span class=\"woocommerce-Price-currencySymbol\">&pound;<\/span>50<\/bdi><\/span>","related_ids":[107,110,112,111],"meta_data":[],"stock_status":"instock","_links":{"self":[{"href":"http:\/\/localhost:8888\/wp-json\/wc\/v3\/products\/113"}],"collection":[{"href":"http:\/\/localhost:8888\/wp-json\/wc\/v3\/products"}]}}
2021-04-21 18:02:08,612 - test_create_product.py:test_api_response - INFO - Success: Creating product with name: Test Product lq01cih165 and id: 113
2021-04-21 18:03:53,102 - test_create_customer.py:response - INFO - Creating customer with email id: testuser_nghtno7t3r@gmail.com
2021-04-21 18:03:58,873 - test_create_customer.py:response - DEBUG - Response Status: 201
2021-04-21 18:03:58,873 - test_create_customer.py:response - DEBUG - Response Body:
{"id":64,"date_created":"2021-04-21T12:33:56","date_created_gmt":"2021-04-21T12:33:56","date_modified":"2021-04-21T12:33:58","date_modified_gmt":"2021-04-21T12:33:58","email":"testuser_nghtno7t3r@gmail.com","first_name":"","last_name":"","role":"customer","username":"testuser_nghtno7t3r","billing":{"first_name":"","last_name":"","company":"","address_1":"","address_2":"","city":"","postcode":"","country":"","state":"","email":"","phone":""},"shipping":{"first_name":"","last_name":"","company":"","address_1":"","address_2":"","city":"","postcode":"","country":"","state":""},"is_paying_customer":false,"avatar_url":"http:\/\/2.gravatar.com\/avatar\/5f96daedd37dd04210177c0ee366dbfc?s=96&d=mm&r=g","meta_data":[],"_links":{"self":[{"href":"http:\/\/localhost:8888\/wp-json\/wc\/v3\/customers\/64"}],"collection":[{"href":"http:\/\/localhost:8888\/wp-json\/wc\/v3\/customers"}]}}
2021-04-21 18:03:58,873 - test_create_customer.py:test_api_response - INFO - Success: Creating customer with email id: testuser_nghtno7t3r@gmail.com
2021-04-21 18:03:58,884 - test_create_customer.py:test_cannot_create_customer_with_existing_email - INFO - Creating customer with email id: testuser_2lzi2hhqtv@gmail.com
2021-04-21 18:04:04,383 - test_create_customer.py:test_cannot_create_customer_with_existing_email - DEBUG - Response Status: 201
2021-04-21 18:04:04,383 - test_create_customer.py:test_cannot_create_customer_with_existing_email - DEBUG - Response Body:
{"id":65,"date_created":"2021-04-21T12:34:02","date_created_gmt":"2021-04-21T12:34:02","date_modified":"2021-04-21T12:34:04","date_modified_gmt":"2021-04-21T12:34:04","email":"testuser_2lzi2hhqtv@gmail.com","first_name":"","last_name":"","role":"customer","username":"testuser_2lzi2hhqtv","billing":{"first_name":"","last_name":"","company":"","address_1":"","address_2":"","city":"","postcode":"","country":"","state":"","email":"","phone":""},"shipping":{"first_name":"","last_name":"","company":"","address_1":"","address_2":"","city":"","postcode":"","country":"","state":""},"is_paying_customer":false,"avatar_url":"http:\/\/1.gravatar.com\/avatar\/793e657d872120371d372d19eba0d1eb?s=96&d=mm&r=g","meta_data":[],"_links":{"self":[{"href":"http:\/\/localhost:8888\/wp-json\/wc\/v3\/customers\/65"}],"collection":[{"href":"http:\/\/localhost:8888\/wp-json\/wc\/v3\/customers"}]}}
2021-04-21 18:04:04,383 - test_create_customer.py:test_cannot_create_customer_with_existing_email - INFO - Creating customer again with the same email id: testuser_2lzi2hhqtv@gmail.com
2021-04-21 18:04:07,044 - test_create_customer.py:test_cannot_create_customer_with_existing_email - DEBUG - Response Status: 400
2021-04-21 18:04:07,044 - test_create_customer.py:test_cannot_create_customer_with_existing_email - DEBUG - Response Body:
{"code":"registration-error-email-exists","message":"An account is already registered with your email address. <a href=\"#\" class=\"showlogin\">Please log in.<\/a>","data":{"status":400}}
2021-04-21 18:04:07,050 - test_create_product.py:response - INFO - Creating product with name: Test Product c7kiwif2g6 and price: 49.99
2021-04-21 18:04:09,919 - test_create_product.py:response - DEBUG - Response Status: 201
2021-04-21 18:04:09,920 - test_create_product.py:response - DEBUG - Response Body:
{"id":114,"name":"Test Product c7kiwif2g6","slug":"test-product-c7kiwif2g6","permalink":"http:\/\/localhost:8888\/product\/test-product-c7kiwif2g6\/","date_created":"2021-04-21T12:34:09","date_created_gmt":"2021-04-21T12:34:09","date_modified":"2021-04-21T12:34:09","date_modified_gmt":"2021-04-21T12:34:09","type":"simple","status":"publish","featured":false,"catalog_visibility":"visible","description":"","short_description":"","sku":"","price":"49.99","regular_price":"49.99","sale_price":"","date_on_sale_from":null,"date_on_sale_from_gmt":null,"date_on_sale_to":null,"date_on_sale_to_gmt":null,"on_sale":false,"purchasable":true,"total_sales":0,"virtual":false,"downloadable":false,"downloads":[],"download_limit":-1,"download_expiry":-1,"external_url":"","button_text":"","tax_status":"taxable","tax_class":"","manage_stock":false,"stock_quantity":null,"backorders":"no","backorders_allowed":false,"backordered":false,"low_stock_amount":null,"sold_individually":false,"weight":"","dimensions":{"length":"","width":"","height":""},"shipping_required":true,"shipping_taxable":true,"shipping_class":"","shipping_class_id":0,"reviews_allowed":true,"average_rating":"0","rating_count":0,"upsell_ids":[],"cross_sell_ids":[],"parent_id":0,"purchase_note":"","categories":[{"id":15,"name":"Uncategorized","slug":"uncategorized"}],"tags":[],"images":[],"attributes":[],"default_attributes":[],"variations":[],"grouped_products":[],"menu_order":0,"price_html":"<span class=\"woocommerce-Price-amount amount\"><bdi><span class=\"woocommerce-Price-currencySymbol\">&pound;<\/span>50<\/bdi><\/span>","related_ids":[112,111,110,107,113],"meta_data":[],"stock_status":"instock","_links":{"self":[{"href":"http:\/\/localhost:8888\/wp-json\/wc\/v3\/products\/114"}],"collection":[{"href":"http:\/\/localhost:8888\/wp-json\/wc\/v3\/products"}]}}
2021-04-21 18:04:09,920 - test_create_product.py:test_api_response - INFO - Success: Creating product with name: Test Product c7kiwif2g6 and id: 114
2021-04-21 18:04:12,686 - test_get_customer.py:test_match_id_email_in_db_and_api - DEBUG - Testing with user id:45
2021-04-21 18:04:18,275 - test_get_product.py:test_smoke_get_all_products_from_api - INFO - Number of Products returned: 24
2021-04-21 18:04:18,282 - test_get_product.py:test_match_id_email_in_db_and_api - DEBUG - Testing with product id:107
2021-04-21 18:04:33,323 - test_create_customer.py:response - INFO - Creating customer with email id: testuser_k35f5k0xtg@gmail.com
2021-04-21 18:04:33,325 - test_create_product.py:response - INFO - Creating product with name: Test Product 6ck8adxzmt and price: 49.99
2021-04-21 18:04:33,325 - test_create_product.py:response - INFO - Creating product with name: Test Product awumy8928i and price: 49.99
2021-04-21 18:04:33,326 - test_create_customer.py:response - INFO - Creating customer with email id: testuser_9izku5ygll@gmail.com
2021-04-21 18:04:33,327 - test_create_customer.py:test_cannot_create_customer_with_existing_email - INFO - Creating customer with email id: testuser_okaq7xz3wx@gmail.com
2021-04-21 18:04:33,371 - test_get_customer.py:test_match_id_email_in_db_and_api - DEBUG - Testing with user id:37
2021-04-21 18:04:37,182 - test_create_product.py:response - DEBUG - Response Status: 201
2021-04-21 18:04:37,182 - test_create_product.py:response - DEBUG - Response Body:
{"id":115,"name":"Test Product awumy8928i","slug":"test-product-awumy8928i","permalink":"http:\/\/localhost:8888\/product\/test-product-awumy8928i\/","date_created":"2021-04-21T12:34:36","date_created_gmt":"2021-04-21T12:34:36","date_modified":"2021-04-21T12:34:36","date_modified_gmt":"2021-04-21T12:34:36","type":"simple","status":"publish","featured":false,"catalog_visibility":"visible","description":"","short_description":"","sku":"","price":"49.99","regular_price":"49.99","sale_price":"","date_on_sale_from":null,"date_on_sale_from_gmt":null,"date_on_sale_to":null,"date_on_sale_to_gmt":null,"on_sale":false,"purchasable":true,"total_sales":0,"virtual":false,"downloadable":false,"downloads":[],"download_limit":-1,"download_expiry":-1,"external_url":"","button_text":"","tax_status":"taxable","tax_class":"","manage_stock":false,"stock_quantity":null,"backorders":"no","backorders_allowed":false,"backordered":false,"low_stock_amount":null,"sold_individually":false,"weight":"","dimensions":{"length":"","width":"","height":""},"shipping_required":true,"shipping_taxable":true,"shipping_class":"","shipping_class_id":0,"reviews_allowed":true,"average_rating":"0","rating_count":0,"upsell_ids":[],"cross_sell_ids":[],"parent_id":0,"purchase_note":"","categories":[{"id":15,"name":"Uncategorized","slug":"uncategorized"}],"tags":[],"images":[],"attributes":[],"default_attributes":[],"variations":[],"grouped_products":[],"menu_order":0,"price_html":"<span class=\"woocommerce-Price-amount amount\"><bdi><span class=\"woocommerce-Price-currencySymbol\">&pound;<\/span>50<\/bdi><\/span>","related_ids":[107,113,111,116,112],"meta_data":[],"stock_status":"instock","_links":{"self":[{"href":"http:\/\/localhost:8888\/wp-json\/wc\/v3\/products\/115"}],"collection":[{"href":"http:\/\/localhost:8888\/wp-json\/wc\/v3\/products"}]}}
2021-04-21 18:04:37,215 - test_create_product.py:response - DEBUG - Response Status: 201
2021-04-21 18:04:37,215 - test_create_product.py:response - DEBUG - Response Body:
{"id":116,"name":"Test Product 6ck8adxzmt","slug":"test-product-6ck8adxzmt","permalink":"http:\/\/localhost:8888\/product\/test-product-6ck8adxzmt\/","date_created":"2021-04-21T12:34:36","date_created_gmt":"2021-04-21T12:34:36","date_modified":"2021-04-21T12:34:36","date_modified_gmt":"2021-04-21T12:34:36","type":"simple","status":"publish","featured":false,"catalog_visibility":"visible","description":"","short_description":"","sku":"","price":"49.99","regular_price":"49.99","sale_price":"","date_on_sale_from":null,"date_on_sale_from_gmt":null,"date_on_sale_to":null,"date_on_sale_to_gmt":null,"on_sale":false,"purchasable":true,"total_sales":0,"virtual":false,"downloadable":false,"downloads":[],"download_limit":-1,"download_expiry":-1,"external_url":"","button_text":"","tax_status":"taxable","tax_class":"","manage_stock":false,"stock_quantity":null,"backorders":"no","backorders_allowed":false,"backordered":false,"low_stock_amount":null,"sold_individually":false,"weight":"","dimensions":{"length":"","width":"","height":""},"shipping_required":true,"shipping_taxable":true,"shipping_class":"","shipping_class_id":0,"reviews_allowed":true,"average_rating":"0","rating_count":0,"upsell_ids":[],"cross_sell_ids":[],"parent_id":0,"purchase_note":"","categories":[{"id":15,"name":"Uncategorized","slug":"uncategorized"}],"tags":[],"images":[],"attributes":[],"default_attributes":[],"variations":[],"grouped_products":[],"menu_order":0,"price_html":"<span class=\"woocommerce-Price-amount amount\"><bdi><span class=\"woocommerce-Price-currencySymbol\">&pound;<\/span>50<\/bdi><\/span>","related_ids":[113,115,110,114,112],"meta_data":[],"stock_status":"instock","_links":{"self":[{"href":"http:\/\/localhost:8888\/wp-json\/wc\/v3\/products\/116"}],"collection":[{"href":"http:\/\/localhost:8888\/wp-json\/wc\/v3\/products"}]}}
2021-04-21 18:04:37,217 - test_create_product.py:test_api_response - INFO - Success: Creating product with name: Test Product 6ck8adxzmt and id: 116
2021-04-21 18:04:37,254 - test_get_product.py:test_smoke_get_all_products_from_api - INFO - Number of Products returned: 24
2021-04-21 18:04:39,497 - test_create_customer.py:response - DEBUG - Response Status: 201
2021-04-21 18:04:39,497 - test_create_customer.py:response - DEBUG - Response Body:
{"id":66,"date_created":"2021-04-21T12:34:37","date_created_gmt":"2021-04-21T12:34:37","date_modified":"2021-04-21T12:34:39","date_modified_gmt":"2021-04-21T12:34:39","email":"testuser_9izku5ygll@gmail.com","first_name":"","last_name":"","role":"customer","username":"testuser_9izku5ygll","billing":{"first_name":"","last_name":"","company":"","address_1":"","address_2":"","city":"","postcode":"","country":"","state":"","email":"","phone":""},"shipping":{"first_name":"","last_name":"","company":"","address_1":"","address_2":"","city":"","postcode":"","country":"","state":""},"is_paying_customer":false,"avatar_url":"http:\/\/0.gravatar.com\/avatar\/0ddc12253a95652d9ec2b28d2580cf1f?s=96&d=mm&r=g","meta_data":[],"_links":{"self":[{"href":"http:\/\/localhost:8888\/wp-json\/wc\/v3\/customers\/66"}],"collection":[{"href":"http:\/\/localhost:8888\/wp-json\/wc\/v3\/customers"}]}}
2021-04-21 18:04:39,502 - test_create_customer.py:response - DEBUG - Response Status: 201
2021-04-21 18:04:39,502 - test_create_customer.py:response - DEBUG - Response Body:
{"id":67,"date_created":"2021-04-21T12:34:37","date_created_gmt":"2021-04-21T12:34:37","date_modified":"2021-04-21T12:34:39","date_modified_gmt":"2021-04-21T12:34:39","email":"testuser_k35f5k0xtg@gmail.com","first_name":"","last_name":"","role":"customer","username":"testuser_k35f5k0xtg","billing":{"first_name":"","last_name":"","company":"","address_1":"","address_2":"","city":"","postcode":"","country":"","state":"","email":"","phone":""},"shipping":{"first_name":"","last_name":"","company":"","address_1":"","address_2":"","city":"","postcode":"","country":"","state":""},"is_paying_customer":false,"avatar_url":"http:\/\/0.gravatar.com\/avatar\/0fe086bbfca8f0af277f28546386d05c?s=96&d=mm&r=g","meta_data":[],"_links":{"self":[{"href":"http:\/\/localhost:8888\/wp-json\/wc\/v3\/customers\/67"}],"collection":[{"href":"http:\/\/localhost:8888\/wp-json\/wc\/v3\/customers"}]}}
2021-04-21 18:04:39,504 - test_create_customer.py:test_api_response - INFO - Success: Creating customer with email id: testuser_k35f5k0xtg@gmail.com
2021-04-21 18:04:39,516 - test_create_customer.py:test_cannot_create_customer_with_existing_email - DEBUG - Response Status: 201
2021-04-21 18:04:39,516 - test_get_product.py:test_match_id_email_in_db_and_api - DEBUG - Testing with product id:113
2021-04-21 18:04:39,516 - test_create_customer.py:test_cannot_create_customer_with_existing_email - DEBUG - Response Body:
{"id":68,"date_created":"2021-04-21T12:34:37","date_created_gmt":"2021-04-21T12:34:37","date_modified":"2021-04-21T12:34:39","date_modified_gmt":"2021-04-21T12:34:39","email":"testuser_okaq7xz3wx@gmail.com","first_name":"","last_name":"","role":"customer","username":"testuser_okaq7xz3wx","billing":{"first_name":"","last_name":"","company":"","address_1":"","address_2":"","city":"","postcode":"","country":"","state":"","email":"","phone":""},"shipping":{"first_name":"","last_name":"","company":"","address_1":"","address_2":"","city":"","postcode":"","country":"","state":""},"is_paying_customer":false,"avatar_url":"http:\/\/1.gravatar.com\/avatar\/146746ca58727ce6f5be8afed50d0653?s=96&d=mm&r=g","meta_data":[],"_links":{"self":[{"href":"http:\/\/localhost:8888\/wp-json\/wc\/v3\/customers\/68"}],"collection":[{"href":"http:\/\/localhost:8888\/wp-json\/wc\/v3\/customers"}]}}
2021-04-21 18:04:39,516 - test_create_customer.py:test_cannot_create_customer_with_existing_email - INFO - Creating customer again with the same email id: testuser_okaq7xz3wx@gmail.com
2021-04-21 18:04:42,281 - test_create_customer.py:test_cannot_create_customer_with_existing_email - DEBUG - Response Status: 400
2021-04-21 18:04:42,281 - test_create_customer.py:test_cannot_create_customer_with_existing_email - DEBUG - Response Body:
{"code":"registration-error-email-exists","message":"An account is already registered with your email address. <a href=\"#\" class=\"showlogin\">Please log in.<\/a>","data":{"status":400}}
2021-04-21 18:05:11,716 - test_create_product.py:response - INFO - Creating product with name: Test Product 1pgvzr422m and price: 49.99
2021-04-21 18:05:11,717 - test_create_customer.py:response - INFO - Creating customer with email id: testuser_ba3q798wxu@gmail.com
2021-04-21 18:05:11,717 - test_create_product.py:response - INFO - Creating product with name: Test Product ogwuwegdh7 and price: 49.99
2021-04-21 18:05:11,720 - test_create_customer.py:test_cannot_create_customer_with_existing_email - INFO - Creating customer with email id: testuser_r15b5pscu8@gmail.com
2021-04-21 18:05:11,721 - test_create_customer.py:response - INFO - Creating customer with email id: testuser_e735lv942y@gmail.com
2021-04-21 18:05:11,741 - test_get_product.py:test_match_id_email_in_db_and_api - DEBUG - Testing with product id:89
2021-04-21 18:05:11,742 - test_get_customer.py:test_match_id_email_in_db_and_api - DEBUG - Testing with user id:9
2021-04-21 18:05:16,689 - test_create_product.py:response - DEBUG - Response Status: 201
2021-04-21 18:05:16,690 - test_create_product.py:response - DEBUG - Response Body:
{"id":117,"name":"Test Product ogwuwegdh7","slug":"test-product-ogwuwegdh7","permalink":"http:\/\/localhost:8888\/product\/test-product-ogwuwegdh7\/","date_created":"2021-04-21T12:35:16","date_created_gmt":"2021-04-21T12:35:16","date_modified":"2021-04-21T12:35:16","date_modified_gmt":"2021-04-21T12:35:16","type":"simple","status":"publish","featured":false,"catalog_visibility":"visible","description":"","short_description":"","sku":"","price":"49.99","regular_price":"49.99","sale_price":"","date_on_sale_from":null,"date_on_sale_from_gmt":null,"date_on_sale_to":null,"date_on_sale_to_gmt":null,"on_sale":false,"purchasable":true,"total_sales":0,"virtual":false,"downloadable":false,"downloads":[],"download_limit":-1,"download_expiry":-1,"external_url":"","button_text":"","tax_status":"taxable","tax_class":"","manage_stock":false,"stock_quantity":null,"backorders":"no","backorders_allowed":false,"backordered":false,"low_stock_amount":null,"sold_individually":false,"weight":"","dimensions":{"length":"","width":"","height":""},"shipping_required":true,"shipping_taxable":true,"shipping_class":"","shipping_class_id":0,"reviews_allowed":true,"average_rating":"0","rating_count":0,"upsell_ids":[],"cross_sell_ids":[],"parent_id":0,"purchase_note":"","categories":[{"id":15,"name":"Uncategorized","slug":"uncategorized"}],"tags":[],"images":[],"attributes":[],"default_attributes":[],"variations":[],"grouped_products":[],"menu_order":0,"price_html":"<span class=\"woocommerce-Price-amount amount\"><bdi><span class=\"woocommerce-Price-currencySymbol\">&pound;<\/span>50<\/bdi><\/span>","related_ids":[115,110,107,113,118],"meta_data":[],"stock_status":"instock","_links":{"self":[{"href":"http:\/\/localhost:8888\/wp-json\/wc\/v3\/products\/117"}],"collection":[{"href":"http:\/\/localhost:8888\/wp-json\/wc\/v3\/products"}]}}
2021-04-21 18:05:16,771 - test_create_product.py:response - DEBUG - Response Status: 201
2021-04-21 18:05:16,772 - test_create_product.py:response - DEBUG - Response Body:
{"id":118,"name":"Test Product 1pgvzr422m","slug":"test-product-1pgvzr422m","permalink":"http:\/\/localhost:8888\/product\/test-product-1pgvzr422m\/","date_created":"2021-04-21T12:35:16","date_created_gmt":"2021-04-21T12:35:16","date_modified":"2021-04-21T12:35:16","date_modified_gmt":"2021-04-21T12:35:16","type":"simple","status":"publish","featured":false,"catalog_visibility":"visible","description":"","short_description":"","sku":"","price":"49.99","regular_price":"49.99","sale_price":"","date_on_sale_from":null,"date_on_sale_from_gmt":null,"date_on_sale_to":null,"date_on_sale_to_gmt":null,"on_sale":false,"purchasable":true,"total_sales":0,"virtual":false,"downloadable":false,"downloads":[],"download_limit":-1,"download_expiry":-1,"external_url":"","button_text":"","tax_status":"taxable","tax_class":"","manage_stock":false,"stock_quantity":null,"backorders":"no","backorders_allowed":false,"backordered":false,"low_stock_amount":null,"sold_individually":false,"weight":"","dimensions":{"length":"","width":"","height":""},"shipping_required":true,"shipping_taxable":true,"shipping_class":"","shipping_class_id":0,"reviews_allowed":true,"average_rating":"0","rating_count":0,"upsell_ids":[],"cross_sell_ids":[],"parent_id":0,"purchase_note":"","categories":[{"id":15,"name":"Uncategorized","slug":"uncategorized"}],"tags":[],"images":[],"attributes":[],"default_attributes":[],"variations":[],"grouped_products":[],"menu_order":0,"price_html":"<span class=\"woocommerce-Price-amount amount\"><bdi><span class=\"woocommerce-Price-currencySymbol\">&pound;<\/span>50<\/bdi><\/span>","related_ids":[111,107,115,112,116],"meta_data":[],"stock_status":"instock","_links":{"self":[{"href":"http:\/\/localhost:8888\/wp-json\/wc\/v3\/products\/118"}],"collection":[{"href":"http:\/\/localhost:8888\/wp-json\/wc\/v3\/products"}]}}
2021-04-21 18:05:16,774 - test_create_product.py:test_api_response - INFO - Success: Creating product with name: Test Product 1pgvzr422m and id: 118
2021-04-21 18:05:17,074 - test_get_product.py:test_smoke_get_all_products_from_api - INFO - Number of Products returned: 27
2021-04-21 18:05:17,964 - test_create_customer.py:test_cannot_create_customer_with_existing_email - DEBUG - Response Status: 201
2021-04-21 18:05:17,964 - test_create_customer.py:test_cannot_create_customer_with_existing_email - DEBUG - Response Body:
{"id":69,"date_created":"2021-04-21T12:35:15","date_created_gmt":"2021-04-21T12:35:15","date_modified":"2021-04-21T12:35:17","date_modified_gmt":"2021-04-21T12:35:17","email":"testuser_r15b5pscu8@gmail.com","first_name":"","last_name":"","role":"customer","username":"testuser_r15b5pscu8","billing":{"first_name":"","last_name":"","company":"","address_1":"","address_2":"","city":"","postcode":"","country":"","state":"","email":"","phone":""},"shipping":{"first_name":"","last_name":"","company":"","address_1":"","address_2":"","city":"","postcode":"","country":"","state":""},"is_paying_customer":false,"avatar_url":"http:\/\/1.gravatar.com\/avatar\/108ecf304ce26cf16a2277d299a538a8?s=96&d=mm&r=g","meta_data":[],"_links":{"self":[{"href":"http:\/\/localhost:8888\/wp-json\/wc\/v3\/customers\/69"}],"collection":[{"href":"http:\/\/localhost:8888\/wp-json\/wc\/v3\/customers"}]}}
2021-04-21 18:05:17,964 - test_create_customer.py:test_cannot_create_customer_with_existing_email - INFO - Creating customer again with the same email id: testuser_r15b5pscu8@gmail.com
2021-04-21 18:05:18,503 - test_create_customer.py:response - DEBUG - Response Status: 201
2021-04-21 18:05:18,503 - test_create_customer.py:response - DEBUG - Response Body:
{"id":70,"date_created":"2021-04-21T12:35:16","date_created_gmt":"2021-04-21T12:35:16","date_modified":"2021-04-21T12:35:18","date_modified_gmt":"2021-04-21T12:35:18","email":"testuser_ba3q798wxu@gmail.com","first_name":"","last_name":"","role":"customer","username":"testuser_ba3q798wxu","billing":{"first_name":"","last_name":"","company":"","address_1":"","address_2":"","city":"","postcode":"","country":"","state":"","email":"","phone":""},"shipping":{"first_name":"","last_name":"","company":"","address_1":"","address_2":"","city":"","postcode":"","country":"","state":""},"is_paying_customer":false,"avatar_url":"http:\/\/1.gravatar.com\/avatar\/48f3541588c21ee4f9907cb2f5f8080f?s=96&d=mm&r=g","meta_data":[],"_links":{"self":[{"href":"http:\/\/localhost:8888\/wp-json\/wc\/v3\/customers\/70"}],"collection":[{"href":"http:\/\/localhost:8888\/wp-json\/wc\/v3\/customers"}]}}
2021-04-21 18:05:18,504 - test_create_customer.py:test_api_response - INFO - Success: Creating customer with email id: testuser_ba3q798wxu@gmail.com
2021-04-21 18:05:18,585 - test_create_customer.py:response - DEBUG - Response Status: 201
2021-04-21 18:05:18,585 - test_create_customer.py:response - DEBUG - Response Body:
{"id":71,"date_created":"2021-04-21T12:35:16","date_created_gmt":"2021-04-21T12:35:16","date_modified":"2021-04-21T12:35:18","date_modified_gmt":"2021-04-21T12:35:18","email":"testuser_e735lv942y@gmail.com","first_name":"","last_name":"","role":"customer","username":"testuser_e735lv942y","billing":{"first_name":"","last_name":"","company":"","address_1":"","address_2":"","city":"","postcode":"","country":"","state":"","email":"","phone":""},"shipping":{"first_name":"","last_name":"","company":"","address_1":"","address_2":"","city":"","postcode":"","country":"","state":""},"is_paying_customer":false,"avatar_url":"http:\/\/0.gravatar.com\/avatar\/39d0c59c319f6bf94c09b060ab78872f?s=96&d=mm&r=g","meta_data":[],"_links":{"self":[{"href":"http:\/\/localhost:8888\/wp-json\/wc\/v3\/customers\/71"}],"collection":[{"href":"http:\/\/localhost:8888\/wp-json\/wc\/v3\/customers"}]}}
2021-04-21 18:05:20,568 - test_create_customer.py:test_cannot_create_customer_with_existing_email - DEBUG - Response Status: 400
2021-04-21 18:05:20,568 - test_create_customer.py:test_cannot_create_customer_with_existing_email - DEBUG - Response Body:
{"code":"registration-error-email-exists","message":"An account is already registered with your email address. <a href=\"#\" class=\"showlogin\">Please log in.<\/a>","data":{"status":400}}
2021-04-21 18:05:45,520 - test_create_product.py:response - INFO - Creating product with name: Test Product l889m28n4n and price: 49.99
2021-04-21 18:05:45,523 - test_create_customer.py:response - INFO - Creating customer with email id: testuser_ajlkusiqix@gmail.com
2021-04-21 18:05:45,524 - test_create_product.py:response - INFO - Creating product with name: Test Product 2t9bz01pu5 and price: 49.99
2021-04-21 18:05:45,524 - test_create_customer.py:response - INFO - Creating customer with email id: testuser_h82v0qx2fy@gmail.com
2021-04-21 18:05:45,526 - test_create_customer.py:test_cannot_create_customer_with_existing_email - INFO - Creating customer with email id: testuser_5hy954tk0t@gmail.com
2021-04-21 18:05:45,543 - test_get_customer.py:test_match_id_email_in_db_and_api - DEBUG - Testing with user id:45
2021-04-21 18:05:45,544 - test_get_product.py:test_match_id_email_in_db_and_api - DEBUG - Testing with product id:111
2021-04-21 18:05:49,153 - test_create_product.py:response - DEBUG - Response Status: 201
2021-04-21 18:05:49,153 - test_create_product.py:response - DEBUG - Response Body:
{"id":120,"name":"Test Product 2t9bz01pu5","slug":"test-product-2t9bz01pu5","permalink":"http:\/\/localhost:8888\/product\/test-product-2t9bz01pu5\/","date_created":"2021-04-21T12:35:48","date_created_gmt":"2021-04-21T12:35:48","date_modified":"2021-04-21T12:35:48","date_modified_gmt":"2021-04-21T12:35:48","type":"simple","status":"publish","featured":false,"catalog_visibility":"visible","description":"","short_description":"","sku":"","price":"49.99","regular_price":"49.99","sale_price":"","date_on_sale_from":null,"date_on_sale_from_gmt":null,"date_on_sale_to":null,"date_on_sale_to_gmt":null,"on_sale":false,"purchasable":true,"total_sales":0,"virtual":false,"downloadable":false,"downloads":[],"download_limit":-1,"download_expiry":-1,"external_url":"","button_text":"","tax_status":"taxable","tax_class":"","manage_stock":false,"stock_quantity":null,"backorders":"no","backorders_allowed":false,"backordered":false,"low_stock_amount":null,"sold_individually":false,"weight":"","dimensions":{"length":"","width":"","height":""},"shipping_required":true,"shipping_taxable":true,"shipping_class":"","shipping_class_id":0,"reviews_allowed":true,"average_rating":"0","rating_count":0,"upsell_ids":[],"cross_sell_ids":[],"parent_id":0,"purchase_note":"","categories":[{"id":15,"name":"Uncategorized","slug":"uncategorized"}],"tags":[],"images":[],"attributes":[],"default_attributes":[],"variations":[],"grouped_products":[],"menu_order":0,"price_html":"<span class=\"woocommerce-Price-amount amount\"><bdi><span class=\"woocommerce-Price-currencySymbol\">&pound;<\/span>50<\/bdi><\/span>","related_ids":[119,111,118,110,113],"meta_data":[],"stock_status":"instock","_links":{"self":[{"href":"http:\/\/localhost:8888\/wp-json\/wc\/v3\/products\/120"}],"collection":[{"href":"http:\/\/localhost:8888\/wp-json\/wc\/v3\/products"}]}}
2021-04-21 18:05:49,167 - test_create_product.py:response - DEBUG - Response Status: 201
2021-04-21 18:05:49,167 - test_create_product.py:response - DEBUG - Response Body:
{"id":119,"name":"Test Product l889m28n4n","slug":"test-product-l889m28n4n","permalink":"http:\/\/localhost:8888\/product\/test-product-l889m28n4n\/","date_created":"2021-04-21T12:35:48","date_created_gmt":"2021-04-21T12:35:48","date_modified":"2021-04-21T12:35:48","date_modified_gmt":"2021-04-21T12:35:48","type":"simple","status":"publish","featured":false,"catalog_visibility":"visible","description":"","short_description":"","sku":"","price":"49.99","regular_price":"49.99","sale_price":"","date_on_sale_from":null,"date_on_sale_from_gmt":null,"date_on_sale_to":null,"date_on_sale_to_gmt":null,"on_sale":false,"purchasable":true,"total_sales":0,"virtual":false,"downloadable":false,"downloads":[],"download_limit":-1,"download_expiry":-1,"external_url":"","button_text":"","tax_status":"taxable","tax_class":"","manage_stock":false,"stock_quantity":null,"backorders":"no","backorders_allowed":false,"backordered":false,"low_stock_amount":null,"sold_individually":false,"weight":"","dimensions":{"length":"","width":"","height":""},"shipping_required":true,"shipping_taxable":true,"shipping_class":"","shipping_class_id":0,"reviews_allowed":true,"average_rating":"0","rating_count":0,"upsell_ids":[],"cross_sell_ids":[],"parent_id":0,"purchase_note":"","categories":[{"id":15,"name":"Uncategorized","slug":"uncategorized"}],"tags":[],"images":[],"attributes":[],"default_attributes":[],"variations":[],"grouped_products":[],"menu_order":0,"price_html":"<span class=\"woocommerce-Price-amount amount\"><bdi><span class=\"woocommerce-Price-currencySymbol\">&pound;<\/span>50<\/bdi><\/span>","related_ids":[117,118,115,112,113],"meta_data":[],"stock_status":"instock","_links":{"self":[{"href":"http:\/\/localhost:8888\/wp-json\/wc\/v3\/products\/119"}],"collection":[{"href":"http:\/\/localhost:8888\/wp-json\/wc\/v3\/products"}]}}
2021-04-21 18:05:49,170 - test_create_product.py:test_api_response - INFO - Success: Creating product with name: Test Product l889m28n4n and id: 119
2021-04-21 18:05:49,583 - test_get_product.py:test_smoke_get_all_products_from_api - INFO - Number of Products returned: 30
2021-04-21 18:05:51,035 - test_create_customer.py:test_cannot_create_customer_with_existing_email - DEBUG - Response Status: 201
2021-04-21 18:05:51,036 - test_create_customer.py:test_cannot_create_customer_with_existing_email - DEBUG - Response Body:
{"id":72,"date_created":"2021-04-21T12:35:48","date_created_gmt":"2021-04-21T12:35:48","date_modified":"2021-04-21T12:35:51","date_modified_gmt":"2021-04-21T12:35:51","email":"testuser_5hy954tk0t@gmail.com","first_name":"","last_name":"","role":"customer","username":"testuser_5hy954tk0t","billing":{"first_name":"","last_name":"","company":"","address_1":"","address_2":"","city":"","postcode":"","country":"","state":"","email":"","phone":""},"shipping":{"first_name":"","last_name":"","company":"","address_1":"","address_2":"","city":"","postcode":"","country":"","state":""},"is_paying_customer":false,"avatar_url":"http:\/\/1.gravatar.com\/avatar\/a584a661613c2be977a0c904e9ffd655?s=96&d=mm&r=g","meta_data":[],"_links":{"self":[{"href":"http:\/\/localhost:8888\/wp-json\/wc\/v3\/customers\/72"}],"collection":[{"href":"http:\/\/localhost:8888\/wp-json\/wc\/v3\/customers"}]}}
2021-04-21 18:05:51,036 - test_create_customer.py:test_cannot_create_customer_with_existing_email - INFO - Creating customer again with the same email id: testuser_5hy954tk0t@gmail.com
2021-04-21 18:05:51,094 - test_create_customer.py:response - DEBUG - Response Status: 201
2021-04-21 18:05:51,095 - test_create_customer.py:response - DEBUG - Response Body:
{"id":73,"date_created":"2021-04-21T12:35:48","date_created_gmt":"2021-04-21T12:35:48","date_modified":"2021-04-21T12:35:51","date_modified_gmt":"2021-04-21T12:35:51","email":"testuser_ajlkusiqix@gmail.com","first_name":"","last_name":"","role":"customer","username":"testuser_ajlkusiqix","billing":{"first_name":"","last_name":"","company":"","address_1":"","address_2":"","city":"","postcode":"","country":"","state":"","email":"","phone":""},"shipping":{"first_name":"","last_name":"","company":"","address_1":"","address_2":"","city":"","postcode":"","country":"","state":""},"is_paying_customer":false,"avatar_url":"http:\/\/2.gravatar.com\/avatar\/e0dbb8fcccff5fee44160f6c8c0d2291?s=96&d=mm&r=g","meta_data":[],"_links":{"self":[{"href":"http:\/\/localhost:8888\/wp-json\/wc\/v3\/customers\/73"}],"collection":[{"href":"http:\/\/localhost:8888\/wp-json\/wc\/v3\/customers"}]}}
2021-04-21 18:05:51,125 - test_create_customer.py:response - DEBUG - Response Status: 201
2021-04-21 18:05:51,126 - test_create_customer.py:response - DEBUG - Response Body:
{"id":74,"date_created":"2021-04-21T12:35:48","date_created_gmt":"2021-04-21T12:35:48","date_modified":"2021-04-21T12:35:51","date_modified_gmt":"2021-04-21T12:35:51","email":"testuser_h82v0qx2fy@gmail.com","first_name":"","last_name":"","role":"customer","username":"testuser_h82v0qx2fy","billing":{"first_name":"","last_name":"","company":"","address_1":"","address_2":"","city":"","postcode":"","country":"","state":"","email":"","phone":""},"shipping":{"first_name":"","last_name":"","company":"","address_1":"","address_2":"","city":"","postcode":"","country":"","state":""},"is_paying_customer":false,"avatar_url":"http:\/\/0.gravatar.com\/avatar\/3ac5cb9c585a28e09f8a6dfd537189d0?s=96&d=mm&r=g","meta_data":[],"_links":{"self":[{"href":"http:\/\/localhost:8888\/wp-json\/wc\/v3\/customers\/74"}],"collection":[{"href":"http:\/\/localhost:8888\/wp-json\/wc\/v3\/customers"}]}}
2021-04-21 18:05:51,126 - test_create_customer.py:test_api_response - INFO - Success: Creating customer with email id: testuser_h82v0qx2fy@gmail.com
2021-04-21 18:05:53,636 - test_create_customer.py:test_cannot_create_customer_with_existing_email - DEBUG - Response Status: 400
2021-04-21 18:05:53,636 - test_create_customer.py:test_cannot_create_customer_with_existing_email - DEBUG - Response Body:
{"code":"registration-error-email-exists","message":"An account is already registered with your email address. <a href=\"#\" class=\"showlogin\">Please log in.<\/a>","data":{"status":400}}
